This is pdfTeX, Version 3.14159265-2.6-1.40.21 (MiKTeX 20.11) (preloaded format=pdflatex 2020.12.11)  29 NOV 2024 15:28
entering extended mode
**./_main.tex
(_main.tex
LaTeX2e <2020-10-01> patch level 2
L3 programming layer <2020-10-27> xparse <2020-03-03>
(C:\Users\user\AppData\Local\Programs\MiKTeX\tex/latex/base\book.cls
Document Class: book 2020/04/10 v1.4m Standard LaTeX document class
(C:\Users\user\AppData\Local\Programs\MiKTeX\tex/latex/base\bk10.clo
File: bk10.clo 2020/04/10 v1.4m Standard LaTeX file (size option)
)
\c@part=\count175
\c@chapter=\count176
\c@section=\count177
\c@subsection=\count178
\c@subsubsection=\count179
\c@paragraph=\count180
\c@subparagraph=\count181
\c@figure=\count182
\c@table=\count183
\abovecaptionskip=\skip47
\belowcaptionskip=\skip48
\bibindent=\dimen138
)
(C:\Users\user\AppData\Local\Programs\MiKTeX\tex/latex/amsmath\amsmath.sty
Package: amsmath 2020/09/23 v2.17i AMS math features
\@mathmargin=\skip49

For additional information on amsmath, use the `?' option.
(C:\Users\user\AppData\Local\Programs\MiKTeX\tex/latex/amsmath\amstext.sty
Package: amstext 2000/06/29 v2.01 AMS text

(C:\Users\user\AppData\Local\Programs\MiKTeX\tex/latex/amsmath\amsgen.sty
File: amsgen.sty 1999/11/30 v2.0 generic functions
\@emptytoks=\toks15
\ex@=\dimen139
))
(C:\Users\user\AppData\Local\Programs\MiKTeX\tex/latex/amsmath\amsbsy.sty
Package: amsbsy 1999/11/29 v1.2d Bold Symbols
\pmbraise@=\dimen140
)
(C:\Users\user\AppData\Local\Programs\MiKTeX\tex/latex/amsmath\amsopn.sty
Package: amsopn 2016/03/08 v2.02 operator names
)
\inf@bad=\count184
LaTeX Info: Redefining \frac on input line 234.
\uproot@=\count185
\leftroot@=\count186
LaTeX Info: Redefining \overline on input line 399.
\classnum@=\count187
\DOTSCASE@=\count188
LaTeX Info: Redefining \ldots on input line 496.
LaTeX Info: Redefining \dots on input line 499.
LaTeX Info: Redefining \cdots on input line 620.
\Mathstrutbox@=\box47
\strutbox@=\box48
\big@size=\dimen141
LaTeX Font Info:    Redeclaring font encoding OML on input line 743.
LaTeX Font Info:    Redeclaring font encoding OMS on input line 744.
\macc@depth=\count189
\c@MaxMatrixCols=\count190
\dotsspace@=\muskip16
\c@parentequation=\count191
\dspbrk@lvl=\count192
\tag@help=\toks16
\row@=\count193
\column@=\count194
\maxfields@=\count195
\andhelp@=\toks17
\eqnshift@=\dimen142
\alignsep@=\dimen143
\tagshift@=\dimen144
\tagwidth@=\dimen145
\totwidth@=\dimen146
\lineht@=\dimen147
\@envbody=\toks18
\multlinegap=\skip50
\multlinetaggap=\skip51
\mathdisplay@stack=\toks19
LaTeX Info: Redefining \[ on input line 2923.
LaTeX Info: Redefining \] on input line 2924.
)
(C:\Users\user\AppData\Local\Programs\MiKTeX\tex/latex/amsfonts\amssymb.sty
Package: amssymb 2013/01/14 v3.01 AMS font symbols

(C:\Users\user\AppData\Local\Programs\MiKTeX\tex/latex/amsfonts\amsfonts.sty
Package: amsfonts 2013/01/14 v3.01 Basic AMSFonts support
\symAMSa=\mathgroup4
\symAMSb=\mathgroup5
LaTeX Font Info:    Redeclaring math symbol \hbar on input line 98.
LaTeX Font Info:    Overwriting math alphabet `\mathfrak' in version `bold'
(Font)                  U/euf/m/n --> U/euf/b/n on input line 106.
))
(C:\Users\user\AppData\Local\Programs\MiKTeX\tex/generic/iftex\iftex.sty
Package: iftex 2020/03/06 v1.0d TeX engine tests
)
(C:\Users\user\AppData\Local\Programs\MiKTeX\tex/latex/base\fontenc.sty
Package: fontenc 2020/08/10 v2.0s Standard LaTeX package
)
(C:\Users\user\AppData\Local\Programs\MiKTeX\tex/latex/base\inputenc.sty
Package: inputenc 2020/08/01 v1.3d Input encoding file
\inpenc@prehook=\toks20
\inpenc@posthook=\toks21
)
(C:\Users\user\AppData\Local\Programs\MiKTeX\tex/latex/base\textcomp.sty
Package: textcomp 2020/02/02 v2.0n Standard LaTeX package
)
(C:\Users\user\AppData\Local\Programs\MiKTeX\tex/latex/lm\lmodern.sty
Package: lmodern 2009/10/30 v1.6 Latin Modern Fonts
LaTeX Font Info:    Overwriting symbol font `operators' in version `normal'
(Font)                  OT1/cmr/m/n --> OT1/lmr/m/n on input line 22.
LaTeX Font Info:    Overwriting symbol font `letters' in version `normal'
(Font)                  OML/cmm/m/it --> OML/lmm/m/it on input line 23.
LaTeX Font Info:    Overwriting symbol font `symbols' in version `normal'
(Font)                  OMS/cmsy/m/n --> OMS/lmsy/m/n on input line 24.
LaTeX Font Info:    Overwriting symbol font `largesymbols' in version `normal'
(Font)                  OMX/cmex/m/n --> OMX/lmex/m/n on input line 25.
LaTeX Font Info:    Overwriting symbol font `operators' in version `bold'
(Font)                  OT1/cmr/bx/n --> OT1/lmr/bx/n on input line 26.
LaTeX Font Info:    Overwriting symbol font `letters' in version `bold'
(Font)                  OML/cmm/b/it --> OML/lmm/b/it on input line 27.
LaTeX Font Info:    Overwriting symbol font `symbols' in version `bold'
(Font)                  OMS/cmsy/b/n --> OMS/lmsy/b/n on input line 28.
LaTeX Font Info:    Overwriting symbol font `largesymbols' in version `bold'
(Font)                  OMX/cmex/m/n --> OMX/lmex/m/n on input line 29.
LaTeX Font Info:    Overwriting math alphabet `\mathbf' in version `normal'
(Font)                  OT1/cmr/bx/n --> OT1/lmr/bx/n on input line 31.
LaTeX Font Info:    Overwriting math alphabet `\mathsf' in version `normal'
(Font)                  OT1/cmss/m/n --> OT1/lmss/m/n on input line 32.
LaTeX Font Info:    Overwriting math alphabet `\mathit' in version `normal'
(Font)                  OT1/cmr/m/it --> OT1/lmr/m/it on input line 33.
LaTeX Font Info:    Overwriting math alphabet `\mathtt' in version `normal'
(Font)                  OT1/cmtt/m/n --> OT1/lmtt/m/n on input line 34.
LaTeX Font Info:    Overwriting math alphabet `\mathbf' in version `bold'
(Font)                  OT1/cmr/bx/n --> OT1/lmr/bx/n on input line 35.
LaTeX Font Info:    Overwriting math alphabet `\mathsf' in version `bold'
(Font)                  OT1/cmss/bx/n --> OT1/lmss/bx/n on input line 36.
LaTeX Font Info:    Overwriting math alphabet `\mathit' in version `bold'
(Font)                  OT1/cmr/bx/it --> OT1/lmr/bx/it on input line 37.
LaTeX Font Info:    Overwriting math alphabet `\mathtt' in version `bold'
(Font)                  OT1/cmtt/m/n --> OT1/lmtt/m/n on input line 38.
)
(C:\Users\user\AppData\Local\Programs\MiKTeX\tex/latex/upquote\upquote.sty
Package: upquote 2012/04/19 v1.3 upright-quote and grave-accent glyphs in verba
tim
)
(C:\Users\user\AppData\Local\Programs\MiKTeX\tex/latex/microtype\microtype.sty
Package: microtype 2022/06/23 v3.0f Micro-typographical refinements (RS)

(C:\Users\user\AppData\Local\Programs\MiKTeX\tex/latex/graphics\keyval.sty
Package: keyval 2014/10/28 v1.15 key=value parser (DPC)
\KV@toks@=\toks22
)
(C:\Users\user\AppData\Local\Programs\MiKTeX\tex/latex/etoolbox\etoolbox.sty
Package: etoolbox 2020/10/05 v2.5k e-TeX tools for LaTeX (JAW)
\etb@tempcnta=\count196
)
\MT@toks=\toks23
\MT@tempbox=\box49
\MT@count=\count197
LaTeX Info: Redefining \noprotrusionifhmode on input line 1045.
LaTeX Info: Redefining \leftprotrusion on input line 1046.
LaTeX Info: Redefining \rightprotrusion on input line 1056.
LaTeX Info: Redefining \textls on input line 1234.
\MT@outer@kern=\dimen148
LaTeX Info: Redefining \textmicrotypecontext on input line 1858.
\MT@listname@count=\count198

(C:\Users\user\AppData\Local\Programs\MiKTeX\tex/latex/microtype\microtype-pdft
ex.def
File: microtype-pdftex.def 2022/06/23 v3.0f Definitions specific to pdftex (RS)

LaTeX Info: Redefining \lsstyle on input line 900.
LaTeX Info: Redefining \lslig on input line 900.
\MT@outer@space=\skip52
)
Package microtype Info: Loading configuration file microtype.cfg.

(C:\Users\user\AppData\Local\Programs\MiKTeX\tex/latex/microtype\microtype.cfg
File: microtype.cfg 2022/06/23 v3.0f microtype main configuration file (RS)
)) (C:\Users\user\AppData\Local\Programs\MiKTeX\tex/latex/parskip\parskip.sty
Package: parskip 2021-03-14 v2.0h non-zero parskip adjustments

(C:\Users\user\AppData\Local\Programs\MiKTeX\tex/latex/kvoptions\kvoptions.sty
Package: kvoptions 2020-10-07 v3.14 Key value format for package options (HO)

(C:\Users\user\AppData\Local\Programs\MiKTeX\tex/generic/ltxcmds\ltxcmds.sty
Package: ltxcmds 2020-05-10 v1.25 LaTeX kernel commands for general use (HO)
)
(C:\Users\user\AppData\Local\Programs\MiKTeX\tex/generic/kvsetkeys\kvsetkeys.st
y
Package: kvsetkeys 2019/12/15 v1.18 Key value parser (HO)
))) (C:\Users\user\AppData\Local\Programs\MiKTeX\tex/latex/xcolor\xcolor.sty
Package: xcolor 2016/05/11 v2.12 LaTeX color extensions (UK)

(C:\Users\user\AppData\Local\Programs\MiKTeX\tex/latex/graphics-cfg\color.cfg
File: color.cfg 2016/01/02 v1.6 sample color configuration
)
Package xcolor Info: Driver file: pdftex.def on input line 225.

(C:\Users\user\AppData\Local\Programs\MiKTeX\tex/latex/graphics-def\pdftex.def
File: pdftex.def 2020/10/05 v1.2a Graphics/color driver for pdftex
)
Package xcolor Info: Model `cmy' substituted by `cmy0' on input line 1348.
Package xcolor Info: Model `hsb' substituted by `rgb' on input line 1352.
Package xcolor Info: Model `RGB' extended on input line 1364.
Package xcolor Info: Model `HTML' substituted by `rgb' on input line 1366.
Package xcolor Info: Model `Hsb' substituted by `hsb' on input line 1367.
Package xcolor Info: Model `tHsb' substituted by `hsb' on input line 1368.
Package xcolor Info: Model `HSB' substituted by `hsb' on input line 1369.
Package xcolor Info: Model `Gray' substituted by `gray' on input line 1370.
Package xcolor Info: Model `wave' substituted by `hsb' on input line 1371.
) (C:\Users\user\AppData\Local\Programs\MiKTeX\tex/latex/tools\longtable.sty
Package: longtable 2020/01/07 v4.13 Multi-page Table package (DPC)
\LTleft=\skip53
\LTright=\skip54
\LTpre=\skip55
\LTpost=\skip56
\LTchunksize=\count199
\LTcapwidth=\dimen149
\LT@head=\box50
\LT@firsthead=\box51
\LT@foot=\box52
\LT@lastfoot=\box53
\LT@cols=\count266
\LT@rows=\count267
\c@LT@tables=\count268
\c@LT@chunks=\count269
\LT@p@ftn=\toks24
)
(C:\Users\user\AppData\Local\Programs\MiKTeX\tex/latex/booktabs\booktabs.sty
Package: booktabs 2020/01/12 v1.61803398 Publication quality tables
\heavyrulewidth=\dimen150
\lightrulewidth=\dimen151
\cmidrulewidth=\dimen152
\belowrulesep=\dimen153
\belowbottomsep=\dimen154
\aboverulesep=\dimen155
\abovetopsep=\dimen156
\cmidrulesep=\dimen157
\cmidrulekern=\dimen158
\defaultaddspace=\dimen159
\@cmidla=\count270
\@cmidlb=\count271
\@aboverulesep=\dimen160
\@belowrulesep=\dimen161
\@thisruleclass=\count272
\@lastruleclass=\count273
\@thisrulewidth=\dimen162
)
(C:\Users\user\AppData\Local\Programs\MiKTeX\tex/latex/tools\array.sty
Package: array 2019/08/31 v2.4l Tabular extension package (FMi)
\col@sep=\dimen163
\ar@mcellbox=\box54
\extrarowheight=\dimen164
\NC@list=\toks25
\extratabsurround=\skip57
\backup@length=\skip58
\ar@cellbox=\box55
)
(C:\Users\user\AppData\Local\Programs\MiKTeX\tex/latex/tools\calc.sty
Package: calc 2017/05/25 v4.3 Infix arithmetic (KKT,FJ)
\calc@Acount=\count274
\calc@Bcount=\count275
\calc@Adimen=\dimen165
\calc@Bdimen=\dimen166
\calc@Askip=\skip59
\calc@Bskip=\skip60
LaTeX Info: Redefining \setlength on input line 80.
LaTeX Info: Redefining \addtolength on input line 81.
\calc@Ccount=\count276
\calc@Cskip=\skip61
)
(C:\Users\user\AppData\Local\Programs\MiKTeX\tex/latex/footnotehyper\footnotehy
per.sty
Package: footnotehyper 2021/08/13 v1.1e hyperref aware footnote.sty (JFB)
\FNH@notes=\box56
\FNH@width=\dimen167
\FNH@toks=\toks26
)
(C:\Users\user\AppData\Local\Programs\MiKTeX\tex/latex/graphics\graphicx.sty
Package: graphicx 2020/09/09 v1.2b Enhanced LaTeX Graphics (DPC,SPQR)

(C:\Users\user\AppData\Local\Programs\MiKTeX\tex/latex/graphics\graphics.sty
Package: graphics 2020/08/30 v1.4c Standard LaTeX Graphics (DPC,SPQR)

(C:\Users\user\AppData\Local\Programs\MiKTeX\tex/latex/graphics\trig.sty
Package: trig 2016/01/03 v1.10 sin cos tan (DPC)
)
(C:\Users\user\AppData\Local\Programs\MiKTeX\tex/latex/graphics-cfg\graphics.cf
g
File: graphics.cfg 2016/06/04 v1.11 sample graphics configuration
)
Package graphics Info: Driver file: pdftex.def on input line 105.
)
\Gin@req@height=\dimen168
\Gin@req@width=\dimen169
) (C:\Users\user\AppData\Local\Programs\MiKTeX\tex/latex/natbib\natbib.sty
Package: natbib 2010/09/13 8.31b (PWD, AO)
\bibhang=\skip62
\bibsep=\skip63
LaTeX Info: Redefining \cite on input line 694.
\c@NAT@ctr=\count277
)
(C:\Users\user\AppData\Local\Programs\MiKTeX\tex/latex/bookmark\bookmark.sty
Package: bookmark 2020-11-06 v1.29 PDF bookmarks (HO)

(C:\Users\user\AppData\Local\Programs\MiKTeX\tex/latex/hyperref\hyperref.sty
Package: hyperref 2020-05-15 v7.00e Hypertext links for LaTeX

(C:\Users\user\AppData\Local\Programs\MiKTeX\tex/generic/pdftexcmds\pdftexcmds.
sty
Package: pdftexcmds 2020-06-27 v0.33 Utility functions of pdfTeX for LuaTeX (HO
)

(C:\Users\user\AppData\Local\Programs\MiKTeX\tex/generic/infwarerr\infwarerr.st
y
Package: infwarerr 2019/12/03 v1.5 Providing info/warning/error messages (HO)
)
Package pdftexcmds Info: \pdf@primitive is available.
Package pdftexcmds Info: \pdf@ifprimitive is available.
Package pdftexcmds Info: \pdfdraftmode found.
)
(C:\Users\user\AppData\Local\Programs\MiKTeX\tex/generic/kvdefinekeys\kvdefinek
eys.sty
Package: kvdefinekeys 2019-12-19 v1.6 Define keys (HO)
)
(C:\Users\user\AppData\Local\Programs\MiKTeX\tex/generic/pdfescape\pdfescape.st
y
Package: pdfescape 2019/12/09 v1.15 Implements pdfTeX's escape features (HO)
) (C:\Users\user\AppData\Local\Programs\MiKTeX\tex/latex/hycolor\hycolor.sty
Package: hycolor 2020-01-27 v1.10 Color options for hyperref/bookmark (HO)
)
(C:\Users\user\AppData\Local\Programs\MiKTeX\tex/latex/letltxmacro\letltxmacro.
sty
Package: letltxmacro 2019/12/03 v1.6 Let assignment for LaTeX macros (HO)
) (C:\Users\user\AppData\Local\Programs\MiKTeX\tex/latex/auxhook\auxhook.sty
Package: auxhook 2019-12-17 v1.6 Hooks for auxiliary files (HO)
)
\@linkdim=\dimen170
\Hy@linkcounter=\count278
\Hy@pagecounter=\count279
 (C:\Users\user\AppData\Local\Programs\MiKTeX\tex/latex/hyperref\pd1enc.def
File: pd1enc.def 2020-05-15 v7.00e Hyperref: PDFDocEncoding definition (HO)
Now handling font encoding PD1 ...
... no UTF-8 mapping file for font encoding PD1
)
(C:\Users\user\AppData\Local\Programs\MiKTeX\tex/generic/intcalc\intcalc.sty
Package: intcalc 2019/12/15 v1.3 Expandable calculations with integers (HO)
)
(C:\Users\user\AppData\Local\Programs\MiKTeX\tex/generic/etexcmds\etexcmds.sty
Package: etexcmds 2019/12/15 v1.7 Avoid name clashes with e-TeX commands (HO)
)
\Hy@SavedSpaceFactor=\count280
Package hyperref Info: Option `unicode' set `true' on input line 4338.
(C:\Users\user\AppData\Local\Programs\MiKTeX\tex/latex/hyperref\puenc.def
File: puenc.def 2020-05-15 v7.00e Hyperref: PDF Unicode definition (HO)
Now handling font encoding PU ...
... no UTF-8 mapping file for font encoding PU
)
Package hyperref Info: Hyper figures OFF on input line 4464.
Package hyperref Info: Link nesting OFF on input line 4469.
Package hyperref Info: Hyper index ON on input line 4472.
Package hyperref Info: Plain pages OFF on input line 4479.
Package hyperref Info: Backreferencing OFF on input line 4484.
Package hyperref Info: Implicit mode ON; LaTeX internals redefined.
Package hyperref Info: Bookmarks ON on input line 4717.
\c@Hy@tempcnt=\count281

(C:\Users\user\AppData\Local\Programs\MiKTeX\tex/latex/url\url.sty
\Urlmuskip=\muskip17
Package: url 2013/09/16  ver 3.4  Verb mode for urls, etc.
)
LaTeX Info: Redefining \url on input line 5076.
\XeTeXLinkMargin=\dimen171

(C:\Users\user\AppData\Local\Programs\MiKTeX\tex/generic/bitset\bitset.sty
Package: bitset 2019/12/09 v1.3 Handle bit-vector datatype (HO)

(C:\Users\user\AppData\Local\Programs\MiKTeX\tex/generic/bigintcalc\bigintcalc.
sty
Package: bigintcalc 2019/12/15 v1.5 Expandable calculations on big integers (HO
)
))
\Fld@menulength=\count282
\Field@Width=\dimen172
\Fld@charsize=\dimen173
Package hyperref Info: Hyper figures OFF on input line 6347.
Package hyperref Info: Link nesting OFF on input line 6352.
Package hyperref Info: Hyper index ON on input line 6355.
Package hyperref Info: backreferencing OFF on input line 6362.
Package hyperref Info: Link coloring OFF on input line 6367.
Package hyperref Info: Link coloring with OCG OFF on input line 6372.
Package hyperref Info: PDF/A mode OFF on input line 6377.
LaTeX Info: Redefining \ref on input line 6417.
LaTeX Info: Redefining \pageref on input line 6421.

(C:\Users\user\AppData\Local\Programs\MiKTeX\tex/latex/base\atbegshi-ltx.sty
Package: atbegshi-ltx 2020/08/17 v1.0a Emulation of the original atbegshi packa
ge
with kernel methods
)
\Hy@abspage=\count283
\c@Item=\count284
\c@Hfootnote=\count285
)
Package hyperref Info: Driver (autodetected): hpdftex.

(C:\Users\user\AppData\Local\Programs\MiKTeX\tex/latex/hyperref\hpdftex.def
File: hpdftex.def 2020-05-15 v7.00e Hyperref driver for pdfTeX

(C:\Users\user\AppData\Local\Programs\MiKTeX\tex/latex/base\atveryend-ltx.sty
Package: atveryend-ltx 2020/08/19 v1.0a Emulation of the original atvery packag
e
with kernel methods
)
\Fld@listcount=\count286
\c@bookmark@seq@number=\count287

(C:\Users\user\AppData\Local\Programs\MiKTeX\tex/latex/rerunfilecheck\rerunfile
check.sty
Package: rerunfilecheck 2019/12/05 v1.9 Rerun checks for auxiliary files (HO)

(C:\Users\user\AppData\Local\Programs\MiKTeX\tex/generic/uniquecounter\uniqueco
unter.sty
Package: uniquecounter 2019/12/15 v1.4 Provide unlimited unique counter (HO)
)
Package uniquecounter Info: New unique counter `rerunfilecheck' on input line 2
86.
)
\Hy@SectionHShift=\skip64
)
(C:\Users\user\AppData\Local\Programs\MiKTeX\tex/latex/bookmark\bkm-pdftex.def
File: bkm-pdftex.def 2020-11-06 v1.29 bookmark driver for pdfTeX (HO)
\BKM@id=\count288
)) (C:\Users\user\AppData\Local\Programs\MiKTeX\tex/latex/xurl\xurl.sty
Package: xurl 2022/01/09 v 0.10 modify URL breaks
)
(C:\Users\user\AppData\Local\Programs\MiKTeX\tex/latex/float\float.sty
Package: float 2001/11/08 v1.3d Float enhancements (AL)
\c@float@type=\count289
\float@exts=\toks27
\float@box=\box57
\@float@everytoks=\toks28
\@floatcapt=\box58
)
(C:\Users\user\AppData\Local\Programs\MiKTeX\tex/latex/amscls\amsthm.sty
Package: amsthm 2020/05/29 v2.20.6
\thm@style=\toks29
\thm@bodyfont=\toks30
\thm@headfont=\toks31
\thm@notefont=\toks32
\thm@headpunct=\toks33
\thm@preskip=\skip65
\thm@postskip=\skip66
\thm@headsep=\skip67
\dth@everypar=\toks34
)
\c@theorem=\count290
\c@lemma=\count291
\c@corollary=\count292
\c@proposition=\count293
\c@conjecture=\count294
\c@definition=\count295
\c@example=\count296
\c@exercise=\count297
\c@hypothesis=\count298
LaTeX Font Info:    Trying to load font information for T1+lmr on input line 10
3.

(C:\Users\user\AppData\Local\Programs\MiKTeX\tex/latex/lm\t1lmr.fd
File: t1lmr.fd 2009/10/30 v1.6 Font defs for Latin Modern
)
(C:\Users\user\AppData\Local\Programs\MiKTeX\tex/latex/l3backend\l3backend-pdft
ex.def
File: l3backend-pdftex.def 2020-09-24 L3 backend support: PDF output (pdfTeX)
\l__kernel_color_stack_int=\count299
\l__pdf_internal_box=\box59
) (_main.aux)
\openout1 = `_main.aux'.

LaTeX Font Info:    Checking defaults for OML/cmm/m/it on input line 103.
LaTeX Font Info:    ... okay on input line 103.
LaTeX Font Info:    Checking defaults for OMS/cmsy/m/n on input line 103.
LaTeX Font Info:    ... okay on input line 103.
LaTeX Font Info:    Checking defaults for OT1/cmr/m/n on input line 103.
LaTeX Font Info:    ... okay on input line 103.
LaTeX Font Info:    Checking defaults for T1/cmr/m/n on input line 103.
LaTeX Font Info:    ... okay on input line 103.
LaTeX Font Info:    Checking defaults for TS1/cmr/m/n on input line 103.
LaTeX Font Info:    ... okay on input line 103.
LaTeX Font Info:    Checking defaults for OMX/cmex/m/n on input line 103.
LaTeX Font Info:    ... okay on input line 103.
LaTeX Font Info:    Checking defaults for U/cmr/m/n on input line 103.
LaTeX Font Info:    ... okay on input line 103.
LaTeX Font Info:    Checking defaults for PD1/pdf/m/n on input line 103.
LaTeX Font Info:    ... okay on input line 103.
LaTeX Font Info:    Checking defaults for PU/pdf/m/n on input line 103.
LaTeX Font Info:    ... okay on input line 103.
LaTeX Info: Redefining \microtypecontext on input line 103.
Package microtype Info: Applying patch `item' on input line 103.
Package microtype Info: Applying patch `toc' on input line 103.
Package microtype Info: Applying patch `eqnum' on input line 103.
Package microtype Info: Applying patch `footnote' on input line 103.
Package microtype Info: Generating PDF output.
Package microtype Info: Character protrusion enabled (level 2).
Package microtype Info: Using protrusion set `basicmath'.
Package microtype Info: Automatic font expansion enabled (level 2),
(microtype)             stretch: 20, shrink: 20, step: 1, non-selected.
Package microtype Info: Using default expansion set `alltext-nott'.
LaTeX Info: Redefining \showhyphens on input line 103.
Package microtype Info: No adjustment of tracking.
Package microtype Info: No adjustment of interword spacing.
Package microtype Info: No adjustment of character kerning.

(C:\Users\user\AppData\Local\Programs\MiKTeX\tex/latex/microtype\mt-cmr.cfg
File: mt-cmr.cfg 2013/05/19 v2.2 microtype config. file: Computer Modern Roman 
(RS)
)
(C:\Users\user\AppData\Local\Programs\MiKTeX\tex/context/base/mkii\supp-pdf.mki
i
[Loading MPS to PDF converter (version 2006.09.02).]
\scratchcounter=\count300
\scratchdimen=\dimen174
\scratchbox=\box60
\nofMPsegments=\count301
\nofMParguments=\count302
\everyMPshowfont=\toks35
\MPscratchCnt=\count303
\MPscratchDim=\dimen175
\MPnumerator=\count304
\makeMPintoPDFobject=\count305
\everyMPtoPDFconversion=\toks36
)
(C:\Users\user\AppData\Local\Programs\MiKTeX\tex/latex/epstopdf-pkg\epstopdf-ba
se.sty
Package: epstopdf-base 2020-01-24 v2.11 Base part for package epstopdf
Package epstopdf-base Info: Redefining graphics rule for `.eps' on input line 4
85.
)
Package hyperref Info: Link coloring OFF on input line 103.

(C:\Users\user\AppData\Local\Programs\MiKTeX\tex/latex/hyperref\nameref.sty
Package: nameref 2019/09/16 v2.46 Cross-referencing by name of section

(C:\Users\user\AppData\Local\Programs\MiKTeX\tex/latex/refcount\refcount.sty
Package: refcount 2019/12/15 v3.6 Data extraction from label references (HO)
)
(C:\Users\user\AppData\Local\Programs\MiKTeX\tex/generic/gettitlestring\gettitl
estring.sty
Package: gettitlestring 2019/12/15 v1.6 Cleanup title references (HO)
)
\c@section@level=\count306
)
LaTeX Info: Redefining \ref on input line 103.
LaTeX Info: Redefining \pageref on input line 103.
LaTeX Info: Redefining \nameref on input line 103.
LaTeX Font Info:    Trying to load font information for OT1+lmr on input line 1
05.

(C:\Users\user\AppData\Local\Programs\MiKTeX\tex/latex/lm\ot1lmr.fd
File: ot1lmr.fd 2009/10/30 v1.6 Font defs for Latin Modern
)
LaTeX Font Info:    Trying to load font information for OML+lmm on input line 1
05.

(C:\Users\user\AppData\Local\Programs\MiKTeX\tex/latex/lm\omllmm.fd
File: omllmm.fd 2009/10/30 v1.6 Font defs for Latin Modern
)
LaTeX Font Info:    Trying to load font information for OMS+lmsy on input line 
105.

(C:\Users\user\AppData\Local\Programs\MiKTeX\tex/latex/lm\omslmsy.fd
File: omslmsy.fd 2009/10/30 v1.6 Font defs for Latin Modern
)
LaTeX Font Info:    Trying to load font information for OMX+lmex on input line 
105.

(C:\Users\user\AppData\Local\Programs\MiKTeX\tex/latex/lm\omxlmex.fd
File: omxlmex.fd 2009/10/30 v1.6 Font defs for Latin Modern
)
LaTeX Font Info:    External font `lmex10' loaded for size
(Font)              <12> on input line 105.
LaTeX Font Info:    External font `lmex10' loaded for size
(Font)              <8> on input line 105.
LaTeX Font Info:    External font `lmex10' loaded for size
(Font)              <6> on input line 105.
LaTeX Font Info:    Trying to load font information for U+msa on input line 105
.

(C:\Users\user\AppData\Local\Programs\MiKTeX\tex/latex/amsfonts\umsa.fd
File: umsa.fd 2013/01/14 v3.01 AMS symbols A
)
(C:\Users\user\AppData\Local\Programs\MiKTeX\tex/latex/microtype\mt-msa.cfg
File: mt-msa.cfg 2006/02/04 v1.1 microtype config. file: AMS symbols (a) (RS)
)
LaTeX Font Info:    Trying to load font information for U+msb on input line 105
.

(C:\Users\user\AppData\Local\Programs\MiKTeX\tex/latex/amsfonts\umsb.fd
File: umsb.fd 2013/01/14 v3.01 AMS symbols B
)
(C:\Users\user\AppData\Local\Programs\MiKTeX\tex/latex/microtype\mt-msb.cfg
File: mt-msb.cfg 2005/06/01 v1.0 microtype config. file: AMS symbols (b) (RS)
)
[1


{C:/Users/user/AppData/Local/MiKTeX/pdftex/config/pdftex.map}] [2

] (_main.toc
LaTeX Font Info:    External font `lmex10' loaded for size
(Font)              <10> on input line 2.
LaTeX Font Info:    External font `lmex10' loaded for size
(Font)              <7> on input line 2.
LaTeX Font Info:    External font `lmex10' loaded for size
(Font)              <5> on input line 2.
[3])
\tf@toc=\write3
\openout3 = `_main.toc'.

 [4]
Chapter 1.
[5

] [6]
Chapter 2.
[7

]
LaTeX Font Info:    Trying to load font information for TS1+lmr on input line 1
85.
 (C:\Users\user\AppData\Local\Programs\MiKTeX\tex/latex/lm\ts1lmr.fd
File: ts1lmr.fd 2009/10/30 v1.6 Font defs for Latin Modern
)
[8]
<subset.png, id=149, 966.61125pt x 442.65375pt>
File: subset.png Graphic file (type png)
<use subset.png>
Package pdftex.def Info: subset.png  used on input line 250.
(pdftex.def)             Requested size: 345.00043pt x 157.99084pt.
 [9] [10pdfTeX warning (ext4): destination with the same identifier (name{figur
e.2.1}) has been already used, duplicate ignored
<argument> ...shipout:D \box_use:N \l_shipout_box 
                                                  
l.311 \end{enumerate}
                      <./subset.png>] [11]
<injective.png, id=177, 966.61125pt x 442.65375pt>
File: injective.png Graphic file (type png)
<use injective.png>
Package pdftex.def Info: injective.png  used on input line 420.
(pdftex.def)             Requested size: 345.00043pt x 157.99084pt.
 [12]
<surjective.png, id=193, 966.61125pt x 406.51875pt>
File: surjective.png Graphic file (type png)
<use surjective.png>
Package pdftex.def Info: surjective.png  used on input line 436.
(pdftex.def)             Requested size: 345.00043pt x 145.09363pt.
 [13pdfTeX warning (ext4): destination with the same identifier (name{figure.2.
2}) has been already used, duplicate ignored
<argument> ...shipout:D \box_use:N \l_shipout_box 
                                                  
l.446 \end{remark}
                  pdfTeX warning (ext4): destination with the same identifier (
name{figure.2.3}) has been already used, duplicate ignored
<argument> ...shipout:D \box_use:N \l_shipout_box 
                                                  
l.446 \end{remark}
                   <./injective.png> <./surjective.png>]
<bijective.png, id=204, 966.61125pt x 442.65375pt>
File: bijective.png Graphic file (type png)
<use bijective.png>
Package pdftex.def Info: bijective.png  used on input line 450.
(pdftex.def)             Requested size: 345.00043pt x 157.99084pt.
 [14pdfTeX warning (ext4): destination with the same identifier (name{figure.2.
4}) has been already used, duplicate ignored
<argument> ...shipout:D \box_use:N \l_shipout_box 
                                                  
l.486 \[
         C = \{ x \in A\,:\, x \notin f(x)\}.  \] <./bijective.png>]
<Cantor.jpg, id=214, 803.0pt x 1085.05376pt>
File: Cantor.jpg Graphic file (type jpg)
<use Cantor.jpg>
Package pdftex.def Info: Cantor.jpg  used on input line 504.
(pdftex.def)             Requested size: 103.4992pt x 139.8533pt.
 [15pdfTeX warning (ext4): destination with the same identifier (name{figure.2.
5}) has been already used, duplicate ignored
<argument> ...shipout:D \box_use:N \l_shipout_box 
                                                  
l.518 
       <./Cantor.jpg>]
<less than.png, id=222, 966.61125pt x 442.65375pt>
File: less than.png Graphic file (type png)
<use less than.png>
Package pdftex.def Info: less than.png  used on input line 563.
(pdftex.def)             Requested size: 345.00043pt x 157.99084pt.
 [16]
<is the square of.png, id=231, 966.61125pt x 442.65375pt>
File: is the square of.png Graphic file (type png)
<use is the square of.png>
Package pdftex.def Info: is the square of.png  used on input line 571.
(pdftex.def)             Requested size: 345.00043pt x 157.99084pt.
<is the cube of.png, id=232, 966.61125pt x 442.65375pt>
File: is the cube of.png Graphic file (type png)
<use is the cube of.png>
Package pdftex.def Info: is the cube of.png  used on input line 579.
(pdftex.def)             Requested size: 345.00043pt x 157.99084pt.

Underfull \vbox (badness 10000) has occurred while \output is active []

 [17pdfTeX warning (ext4): destination with the same identifier (name{figure.2.
6}) has been already used, duplicate ignored
<argument> ...shipout:D \box_use:N \l_shipout_box 
                                                  
l.582 
      pdfTeX warning (ext4): destination with the same identifier (name{figure.
2.7}) has been already used, duplicate ignored
<argument> ...shipout:D \box_use:N \l_shipout_box 
                                                  
l.582 
       <./less than.png> <./is the square of.png>] [18pdfTeX warning (ext4): de
stination with the same identifier (name{figure.2.8}) has been already used, du
plicate ignored
<argument> ...shipout:D \box_use:N \l_shipout_box 
                                                  
l.599 \chapter
              {Operations on sets and functions}\label{operations-on-sets-an...
 <./is the cube of.png>]
Chapter 3.
<union.png, id=245, 966.61125pt x 442.65375pt>
File: union.png Graphic file (type png)
<use union.png>
Package pdftex.def Info: union.png  used on input line 610.
(pdftex.def)             Requested size: 345.00043pt x 157.99084pt.

Underfull \vbox (badness 1033) has occurred while \output is active []

 [19

pdfTeX warning (ext4): destination with the same identifier (name{figure.3.1}) 
has been already used, duplicate ignored
<argument> ...shipout:D \box_use:N \l_shipout_box 
                                                  
l.615 \[
         \bigcup C = \{ x \,:\, \exists S \in C\, \mbox{s.t.}\, x \in S\}.\] <.
/union.png>]
<intersection.png, id=253, 966.61125pt x 442.65375pt>
File: intersection.png Graphic file (type png)
<use intersection.png>
Package pdftex.def Info: intersection.png  used on input line 659.
(pdftex.def)             Requested size: 345.00043pt x 157.99084pt.

Underfull \vbox (badness 4084) has occurred while \output is active []

 [20]
<disjoint.png, id=263, 966.61125pt x 442.65375pt>
File: disjoint.png Graphic file (type png)
<use disjoint.png>
Package pdftex.def Info: disjoint.png  used on input line 672.
(pdftex.def)             Requested size: 345.00043pt x 157.99084pt.

[21pdfTeX warning (ext4): destination with the same identifier (name{figure.3.2
}) has been already used, duplicate ignored
<argument> ...shipout:D \box_use:N \l_shipout_box 
                                                  
l.680 \[
         \bigcap_n A_n.  \]pdfTeX warning (ext4): destination with the same ide
ntifier (name{figure.3.3}) has been already used, duplicate ignored
<argument> ...shipout:D \box_use:N \l_shipout_box 
                                                  
l.680 \[
         \bigcap_n A_n.  \] <./intersection.png> <./disjoint.png>]
<setminus.png, id=270, 966.61125pt x 442.65375pt>
File: setminus.png Graphic file (type png)
<use setminus.png>
Package pdftex.def Info: setminus.png  used on input line 722.
(pdftex.def)             Requested size: 345.00043pt x 157.99084pt.

Underfull \vbox (badness 4242) has occurred while \output is active []

 [22]
<distributive1.png, id=279, 966.61125pt x 442.65375pt>
File: distributive1.png Graphic file (type png)
<use distributive1.png>
Package pdftex.def Info: distributive1.png  used on input line 752.
(pdftex.def)             Requested size: 345.00043pt x 157.99084pt.

Underfull \vbox (badness 10000) has occurred while \output is active []

 [23pdfTeX warning (ext4): destination with the same identifier (name{figure.3.
4}) has been already used, duplicate ignored
<argument> ...shipout:D \box_use:N \l_shipout_box 
                                                  
l.755 
       <./setminus.png>]
<distributive2.png, id=287, 966.61125pt x 442.65375pt>
File: distributive2.png Graphic file (type png)
<use distributive2.png>
Package pdftex.def Info: distributive2.png  used on input line 764.
(pdftex.def)             Requested size: 345.00043pt x 157.99084pt.
 [24pdfTeX warning (ext4): destination with the same identifier (name{figure.3.
5}) has been already used, duplicate ignored
<argument> ...shipout:D \box_use:N \l_shipout_box 
                                                  
l.778 \end{proof}
                 pdfTeX warning (ext4): destination with the same identifier (n
ame{figure.3.6}) has been already used, duplicate ignored
<argument> ...shipout:D \box_use:N \l_shipout_box 
                                                  
l.778 \end{proof}
                  <./distributive1.png> <./distributive2.png>]
<demorgan1.png, id=294, 966.61125pt x 442.65375pt>
File: demorgan1.png Graphic file (type png)
<use demorgan1.png>
Package pdftex.def Info: demorgan1.png  used on input line 794.
(pdftex.def)             Requested size: 345.00043pt x 157.99084pt.
<demorgan2.png, id=295, 966.61125pt x 442.65375pt>
File: demorgan2.png Graphic file (type png)
<use demorgan2.png>
Package pdftex.def Info: demorgan2.png  used on input line 806.
(pdftex.def)             Requested size: 345.00043pt x 157.99084pt.
 [25pdfTeX warning (ext4): destination with the same identifier (name{figure.3.
7}) has been already used, duplicate ignored
<argument> ...shipout:D \box_use:N \l_shipout_box 
                                                  
l.815 
      pdfTeX warning (ext4): destination with the same identifier (name{figure.
3.8}) has been already used, duplicate ignored
<argument> ...shipout:D \box_use:N \l_shipout_box 
                                                  
l.815 
       <./demorgan1.png> <./demorgan2.png>]
<compositiondiagram.png, id=304, 966.61125pt x 442.65375pt>
File: compositiondiagram.png Graphic file (type png)
<use compositiondiagram.png>
Package pdftex.def Info: compositiondiagram.png  used on input line 842.
(pdftex.def)             Requested size: 345.00043pt x 157.99084pt.
<compositionexample.png, id=305, 966.61125pt x 442.65375pt>
File: compositionexample.png Graphic file (type png)
<use compositionexample.png>
Package pdftex.def Info: compositionexample.png  used on input line 852.
(pdftex.def)             Requested size: 345.00043pt x 157.99084pt.

Underfull \vbox (badness 6927) has occurred while \output is active []

 [26pdfTeX warning (ext4): destination with the same identifier (name{figure.3.
9}) has been already used, duplicate ignored
<argument> ...shipout:D \box_use:N \l_shipout_box 
                                                  
l.856 \end{example}
                    <./compositiondiagram.png>]
<compassoc.png, id=313, 966.61125pt x 442.65375pt>
File: compassoc.png Graphic file (type png)
<use compassoc.png>
Package pdftex.def Info: compassoc.png  used on input line 873.
(pdftex.def)             Requested size: 345.00043pt x 157.99084pt.

Underfull \vbox (badness 10000) has occurred while \output is active []

 [27pdfTeX warning (ext4): destination with the same identifier (name{figure.3.
10}) has been already used, duplicate ignored
<argument> ...shipout:D \box_use:N \l_shipout_box 
                                                  
l.876 
       <./compositionexample.png>] [28pdfTeX warning (ext4): destination with t
he same identifier (name{figure.3.11}) has been already used, duplicate ignored

<argument> ...shipout:D \box_use:N \l_shipout_box 
                                                  
l.912 
       <./compassoc.png>]
<leftrightinverse.png, id=328, 966.61125pt x 442.65375pt>
File: leftrightinverse.png Graphic file (type png)
<use leftrightinverse.png>
Package pdftex.def Info: leftrightinverse.png  used on input line 935.
(pdftex.def)             Requested size: 345.00043pt x 157.99084pt.
 [29pdfTeX warning (ext4): destination with the same identifier (name{figure.3.
12}) has been already used, duplicate ignored
<argument> ...shipout:D \box_use:N \l_shipout_box 
                                                  
l.957 
       <./leftrightinverse.png>] [30]
<CBS1.png, id=346, 966.61125pt x 442.65375pt>
File: CBS1.png Graphic file (type png)
<use CBS1.png>
Package pdftex.def Info: CBS1.png  used on input line 1007.
(pdftex.def)             Requested size: 345.00043pt x 157.99084pt.
<CBS2.png, id=347, 966.61125pt x 442.65375pt>
File: CBS2.png Graphic file (type png)
<use CBS2.png>
Package pdftex.def Info: CBS2.png  used on input line 1015.
(pdftex.def)             Requested size: 345.00043pt x 157.99084pt.

Underfull \vbox (badness 2253) has occurred while \output is active []

 [31pdfTeX warning (ext4): destination with the same identifier (name{figure.3.
13}) has been already used, duplicate ignored
<argument> ...shipout:D \box_use:N \l_shipout_box 
                                                  
l.1018 
        <./CBS1.png>]
Overfull \hbox (26.05794pt too wide) detected at line 1034
\OML/lmm/m/it/10 A[] \OT1/lmr/m/n/10 = \OMS/lmsy/m/n/10 f\OML/lmm/m/it/10 x \OM
S/lmsy/m/n/10 2 \OML/lmm/m/it/10 A  \OT1/lmr/m/n/10 :  \OML/lmm/m/it/10 x [] C[
]; [] n [] x [] C[]; i[]\OT1/lmr/m/n/10 (\OML/lmm/m/it/10 x\OT1/lmr/m/n/10 ) \O
MS/lmsy/m/n/10 2 \OML/lmm/m/it/10 C; g[]\OT1/lmr/m/n/10 (\OML/lmm/m/it/10 i[]\O
T1/lmr/m/n/10 (\OML/lmm/m/it/10 x\OT1/lmr/m/n/10 )) [] \OML/lmm/m/it/10 D\OMS/l
msy/m/n/10 g\OML/lmm/m/it/10 :
 []


Overfull \hbox (29.92131pt too wide) detected at line 1040
\OML/lmm/m/it/10 B[] \OT1/lmr/m/n/10 = \OMS/lmsy/m/n/10 f\OML/lmm/m/it/10 y \OM
S/lmsy/m/n/10 2 \OML/lmm/m/it/10 B  \OT1/lmr/m/n/10 :  \OML/lmm/m/it/10 y [] B[
]; [] n [] y [] D[]; j[]\OT1/lmr/m/n/10 (\OML/lmm/m/it/10 y\OT1/lmr/m/n/10 ) \O
MS/lmsy/m/n/10 2 \OML/lmm/m/it/10 D; f[]\OT1/lmr/m/n/10 (\OML/lmm/m/it/10 j[]\O
T1/lmr/m/n/10 (\OML/lmm/m/it/10 y\OT1/lmr/m/n/10 )) [] \OML/lmm/m/it/10 C\OMS/l
msy/m/n/10 g\OML/lmm/m/it/10 :
 []

[32pdfTeX warning (ext4): destination with the same identifier (name{figure.3.1
4}) has been already used, duplicate ignored
<argument> ...shipout:D \box_use:N \l_shipout_box 
                                                  
l.1040 ...\in D, f^{-1}(j^{-n+1}(y)) \notin C\}.\]
                                                   The sets are also disjoint. 
<./CBS2.png>]
<CBS3.png, id=362, 966.61125pt x 442.65375pt>
File: CBS3.png Graphic file (type png)
<use CBS3.png>
Package pdftex.def Info: CBS3.png  used on input line 1062.
(pdftex.def)             Requested size: 345.00043pt x 157.99084pt.
 [33pdfTeX warning (ext4): destination with the same identifier (name{figure.3.
15}) has been already used, duplicate ignored
<argument> ...shipout:D \box_use:N \l_shipout_box 
                                                  
l.1070 \chapter
               {Relations}\label{relations} <./CBS3.png>] [34

]
Chapter 4.
File: less than.png Graphic file (type png)
<use less than.png>
Package pdftex.def Info: less than.png  used on input line 1109.
(pdftex.def)             Requested size: 345.00043pt x 157.99084pt.
[35] [36pdfTeX warning (ext4): destination with the same identifier (name{figur
e.4.1}) has been already used, duplicate ignored
<argument> ...shipout:D \box_use:N \l_shipout_box 
                                                  
l.1149 \end{remark}
                   ]
<partition.png, id=392, 966.61125pt x 442.65375pt>
File: partition.png Graphic file (type png)
<use partition.png>
Package pdftex.def Info: partition.png  used on input line 1181.
(pdftex.def)             Requested size: 345.00043pt x 157.99084pt.

Overfull \hbox (35.87347pt too wide) has occurred while \output is active
\T1/lmr/m/sl/10 4.1.  EQUIVALENCE RELATIONS, EQUIVALENCE CLASSES AND QUOTIENTS 
\T1/lmr/m/n/10 37
 []

[37pdfTeX warning (ext4): destination with the same identifier (name{figure.4.2
}) has been already used, duplicate ignored
<argument> ...shipout:D \box_use:N \l_shipout_box 
                                                  
l.1197 \end{definition}
                        <./partition.png>] [38] [39] [40] [41] [42]
Chapter 5.
<George_Boole_color.jpg, id=444, 602.25pt x 803.0pt>
File: George_Boole_color.jpg Graphic file (type jpg)
<use George_Boole_color.jpg>
Package pdftex.def Info: George_Boole_color.jpg  used on input line 1417.
(pdftex.def)             Requested size: 103.49307pt x 137.99078pt.
[43

pdfTeX warning (ext4): destination with the same identifier (name{figure.5.1}) 
has been already used, duplicate ignored
<argument> ...shipout:D \box_use:N \l_shipout_box 
                                                  
l.1421 
        <./George_Boole_color.jpg>] [44] [45] [46]
Overfull \hbox (73.57362pt too wide) detected at line 1674
[][]
 []


Underfull \vbox (badness 1199) has occurred while \output is active []

 [47]
[48]
Chapter 6.
<badtriangle.png, id=491, 966.61125pt x 442.65375pt>
File: badtriangle.png Graphic file (type png)
<use badtriangle.png>
Package pdftex.def Info: badtriangle.png  used on input line 1737.
(pdftex.def)             Requested size: 345.00043pt x 157.99084pt.

Underfull \vbox (badness 10000) has occurred while \output is active []

 [49

]
[50pdfTeX warning (ext4): destination with the same identifier (name{figure.6.1
}) has been already used, duplicate ignored
<argument> ...shipout:D \box_use:N \l_shipout_box 
                                                  
l.1760 P
        roof by \emph{direct implication} is the most straightforward kind o...
 <./badtriangle.png>] [51] [52] [53] [54] [55] [56

]
Chapter 7.
[57] [58]
<geomeuclid.png, id=563, 966.61125pt x 398.99063pt>
File: geomeuclid.png Graphic file (type png)
<use geomeuclid.png>
Package pdftex.def Info: geomeuclid.png  used on input line 2093.
(pdftex.def)             Requested size: 345.00043pt x 142.40672pt.
 [59]
<geomeuclidnumbers.png, id=571, 966.61125pt x 398.99063pt>
File: geomeuclidnumbers.png Graphic file (type png)
<use geomeuclidnumbers.png>
Package pdftex.def Info: geomeuclidnumbers.png  used on input line 2099.
(pdftex.def)             Requested size: 345.00043pt x 142.40672pt.
 [60pdfTeX warning (ext4): destination with the same identifier (name{figure.7.
1}) has been already used, duplicate ignored
<argument> ...shipout:D \box_use:N \l_shipout_box 
                                                  
l.2111 
        <./geomeuclid.png> <./geomeuclidnumbers.png>] [61] [62] [63] [64]
[65] [66] [67] [68]
Underfull \hbox (badness 3792) in paragraph at lines 2439--2440
[]\T1/lmr/m/n/10 (+20) We know that the to-tal num-ber of el-e-ments in $[][]$ 
is
 []

[69] [70

]
Chapter 8.
[71] [72] [73] [74]
Chapter 9.
[75

] [76] [77] [78

]
Chapter 10.
[79]
Overfull \hbox (20.31711pt too wide) has occurred while \output is active
\T1/lmr/m/n/10 80 \T1/lmr/m/sl/10 CHAPTER 10.  COUNTABILITY AND INFINITE SETS -
 NON-EXAMINABLE
 []

[80] [81]
Overfull \hbox (20.31711pt too wide) has occurred while \output is active
\T1/lmr/m/n/10 82 \T1/lmr/m/sl/10 CHAPTER 10.  COUNTABILITY AND INFINITE SETS -
 NON-EXAMINABLE
 []

[82]
No file _main.bbl.
[83] (_main.aux) ) 
Here is how much of TeX's memory you used:
 14438 strings out of 479799
 211518 string characters out of 2870197
 531189 words of memory out of 3000000
 30433 multiletter control sequences out of 15000+200000
 617893 words of font info for 254 fonts, out of 3000000 for 9000
 1141 hyphenation exceptions out of 8191
 79i,9n,85p,1004b,510s stack positions out of 5000i,500n,10000p,200000b,50000s
{C:/Users/user/AppData/Local/Programs/MiKTeX/fonts/enc/dvips/
lm/lm-mathit.enc}{C:/Users/user/AppData/Local/Programs/MiKTeX/fonts/enc/dvips/l
m/lm-rm.enc}{C:/Users/user/AppData/Local/Programs/MiKTeX/fonts/enc/dvips/lm/lm-
mathsy.enc}{C:/Users/user/AppData/Local/Programs/MiKTeX/fonts/enc/dvips/lm/lm-m
athex.enc}{C:/Users/user/AppData/Local/Programs/MiKTeX/fonts/enc/dvips/lm/lm-ts
1.enc}{C:/Users/user/AppData/Local/Programs/MiKTeX/fonts/enc/dvips/lm/lm-ec.enc
}<C:/Users/user/AppData/Local/Programs/MiKTeX/fonts/type1/public/lm/lmbx10.pfb>
<C:/Users/user/AppData/Local/Programs/MiKTeX/fonts/type1/public/lm/lmbx12.pfb><
C:/Users/user/AppData/Local/Programs/MiKTeX/fonts/type1/public/lm/lmex10.pfb><C
:/Users/user/AppData/Local/Programs/MiKTeX/fonts/type1/public/lm/lmmi10.pfb><C:
/Users/user/AppData/Local/Programs/MiKTeX/fonts/type1/public/lm/lmmi5.pfb><C:/U
sers/user/AppData/Local/Programs/MiKTeX/fonts/type1/public/lm/lmmi7.pfb><C:/Use
rs/user/AppData/Local/Programs/MiKTeX/fonts/type1/public/lm/lmr10.pfb><C:/Users
/user/AppData/Local/Programs/MiKTeX/fonts/type1/public/lm/lmr12.pfb><C:/Users/u
ser/AppData/Local/Programs/MiKTeX/fonts/type1/public/lm/lmr17.pfb><C:/Users/use
r/AppData/Local/Programs/MiKTeX/fonts/type1/public/lm/lmr5.pfb><C:/Users/user/A
ppData/Local/Programs/MiKTeX/fonts/type1/public/lm/lmr7.pfb><C:/Users/user/AppD
ata/Local/Programs/MiKTeX/fonts/type1/public/lm/lmri10.pfb><C:/Users/user/AppDa
ta/Local/Programs/MiKTeX/fonts/type1/public/lm/lmro10.pfb><C:/Users/user/AppDat
a/Local/Programs/MiKTeX/fonts/type1/public/lm/lmsy10.pfb><C:/Users/user/AppData
/Local/Programs/MiKTeX/fonts/type1/public/lm/lmsy7.pfb><C:/Users/user/AppData/L
ocal/Programs/MiKTeX/fonts/type1/public/amsfonts/symbols/msbm10.pfb><C:/Users/u
ser/AppData/Local/Programs/MiKTeX/fonts/type1/public/amsfonts/symbols/msbm7.pfb
>
Output written on _main.pdf (83 pages, 2276363 bytes).
PDF statistics:
 1015 PDF objects out of 1200 (max. 8388607)
 383 named destinations out of 1000 (max. 500000)
 41453 words of extra memory for PDF output out of 42996 (max. 10000000)

